<?xml version="1.0" encoding="utf-8"?><testsuites name="pytest tests"><testsuite name="pytest" errors="0" failures="0" skipped="0" tests="15" time="4.336" timestamp="2026-02-13T23:50:56.305700+00:00" hostname="runnervmjduv7"><testcase classname="tests.test_config.TestConfigurationValidation" name="test_session_secret_required_with_auth" file="tests/test_config.py" line="14" time="0.018" /><testcase classname="tests.test_config.TestConfigurationValidation" name="test_session_secret_minimum_length" file="tests/test_config.py" line="31" time="0.016" /><testcase classname="tests.test_config.TestConfigurationValidation" name="test_valid_configuration" file="tests/test_config.py" line="48" time="0.016" /><testcase classname="tests.test_config.TestConfigurationValidation" name="test_auth_disabled_no_session_secret_required" file="tests/test_config.py" line="65" time="0.016" /><testcase classname="tests.test_config.TestBuildMetadataConfiguration" name="test_version_from_environment" file="tests/test_config.py" line="87" time="0.016" /><testcase classname="tests.test_config.TestBuildMetadataConfiguration" name="test_build_date_from_environment" file="tests/test_config.py" line="103" time="0.016" /><testcase classname="tests.test_config.TestBuildMetadataConfiguration" name="test_build_date_with_time_from_environment" file="tests/test_config.py" line="119" time="0.016" /><testcase classname="tests.test_config.TestBuildMetadataConfiguration" name="test_git_sha_from_environment" file="tests/test_config.py" line="135" time="0.016" /><testcase classname="tests.test_config.TestBuildMetadataConfiguration" name="test_git_sha_default" file="tests/test_config.py" line="151" time="0.018" /><testcase classname="tests.test_config.TestBuildMetadataConfiguration" name="test_version_default_when_no_file_or_env" file="tests/test_config.py" line="172" time="0.017" /><testcase classname="tests.test_config.TestBuildMetadataConfiguration" name="test_runtime_info_property" file="tests/test_config.py" line="192" time="0.016" /><testcase classname="tests.test_config.TestNotificationConfiguration" name="test_notification_urls_from_string" file="tests/test_config.py" line="214" time="0.016" /><testcase classname="tests.test_config.TestNotificationConfiguration" name="test_notification_urls_from_list" file="tests/test_config.py" line="232" time="0.016" /><testcase classname="tests.test_config.TestSecurityConfiguration" name="test_no_default_credentials_in_config" file="tests/test_config.py" line="254" time="0.016" /><testcase classname="tests.test_config.TestSecurityConfiguration" name="test_optional_services_dont_require_credentials" file="tests/test_config.py" line="275" time="0.016" /></testsuite></testsuites>